registered_sha=f00c45ae3d571a1eabe9e66d6034b90683f83626
output_root=/lustre/nvwulf/scratch/weicdeng/cuFOLIO_synthetic_benchmark_results_v3_30d_20260810/artifacts/synthetic_solver_benchmark
python=/lustre/nvwulf/home/weicdeng/cuFOLIO/.venv/bin/python
JobId=63094 JobName=synthetic-osqp-cuopt
   UserId=weicdeng(112516608) GroupId=weicdeng(112516608) MCS_label=N/A
   Priority=33910 Nice=0 Account=pn_papo100825n QOS=normal
   JobState=RUNNING Reason=None Dependency=(null)
   Requeue=1 Restarts=0 BatchFlag=1 Reboot=0 ExitCode=0:0
   RunTime=00:00:03 TimeLimit=08:00:00 TimeMin=N/A
   SubmitTime=2026-08-10T22:51:45 EligibleTime=2026-08-10T22:51:45
   AccrueTime=2026-08-10T22:51:45
   StartTime=2026-08-10T22:51:45 EndTime=2026-08-11T06:51:45 Deadline=N/A
   SuspendTime=None SecsPreSuspend=0 LastSchedEval=2026-08-10T22:51:45 Scheduler=Main
   Partition=b40x4 AllocNode:Sid=login1:1518583
   ReqNodeList=(null) ExcNodeList=(null)
   NodeList=b40x4-02
   BatchHost=b40x4-02
   NumNodes=1 NumCPUs=32 NumTasks=1 CPUs/Task=32 ReqB:S:C:T=0:0:*:*
   ReqTRES=cpu=32,mem=128G,node=1,billing=32,gres/gpu=1
   AllocTRES=cpu=32,mem=128G,node=1,billing=32,gres/gpu=1
   Socks/Node=* NtasksPerN:B:S:C=0:0:*:* CoreSpec=*
   MinCPUsNode=32 MinMemoryNode=128G MinTmpDiskNode=0
   Features=(null) DelayBoot=00:00:00
   OverSubscribe=OK Contiguous=0 Licenses=(null) Network=(null)
   Command=/lustre/nvwulf/scratch/weicdeng/cuFOLIO_synthetic_benchmark_frozen_f00c45a_30d/scripts/slurm_synthetic_solver_benchmark_b40.sh
   WorkDir=/lustre/nvwulf/scratch/weicdeng/cuFOLIO_synthetic_benchmark_frozen_f00c45a_30d
   StdErr=/lustre/nvwulf/scratch/weicdeng/cuFOLIO_synthetic_benchmark_logs_30d_20260810/synthetic-osqp-cuopt-63094.err
   StdIn=/dev/null
   StdOut=/lustre/nvwulf/scratch/weicdeng/cuFOLIO_synthetic_benchmark_logs_30d_20260810/synthetic-osqp-cuopt-63094.out
   Power=
   MemPerTres=gpu:7900
   TresPerNode=gres:gpu:1
   

Mon Aug 10 22:51:48 2026       
+-----------------------------------------------------------------------------------------+
| NVIDIA-SMI 595.71.05              Driver Version: 595.71.05      CUDA Version: 13.2     |
+-----------------------------------------+------------------------+----------------------+
| GPU  Name                 Persistence-M | Bus-Id          Disp.A | Volatile Uncorr. ECC |
| Fan  Temp   Perf          Pwr:Usage/Cap |           Memory-Usage | GPU-Util  Compute M. |
|                                         |                        |               MIG M. |
|=========================================+========================+======================|
|   0  NVIDIA RTX PRO 6000 Blac...    On  |   00000000:AC:00.0 Off |                    0 |
| N/A   27C    P8             30W /  600W |       0MiB /  97887MiB |      0%      Default |
|                                         |                        |             Disabled |
+-----------------------------------------+------------------------+----------------------+

+-----------------------------------------------------------------------------------------+
| Processes:                                                                              |
|  GPU   GI   CI              PID   Type   Process name                        GPU Memory |
|        ID   ID                                                               Usage      |
|=========================================================================================|
|  No running processes found                                                             |
+-----------------------------------------------------------------------------------------+
OSQP LP-RANGED n=100 seed=11 rep=-1: optimal
OSQP LP-RANGED n=100 seed=11 rep=0: optimal
OSQP LP-RANGED n=100 seed=11 rep=1: optimal
OSQP LP-RANGED n=100 seed=11 rep=2: optimal
OSQP LP-RANGED n=100 seed=29 rep=-1: optimal
OSQP LP-RANGED n=100 seed=29 rep=0: optimal
OSQP LP-RANGED n=100 seed=29 rep=1: optimal
OSQP LP-RANGED n=100 seed=29 rep=2: optimal
OSQP LP-RANGED n=100 seed=47 rep=-1: optimal
OSQP LP-RANGED n=100 seed=47 rep=0: optimal
OSQP LP-RANGED n=100 seed=47 rep=1: optimal
OSQP LP-RANGED n=100 seed=47 rep=2: optimal
OSQP LP-RANGED n=300 seed=11 rep=-1: optimal
OSQP LP-RANGED n=300 seed=11 rep=0: optimal
OSQP LP-RANGED n=300 seed=11 rep=1: optimal
OSQP LP-RANGED n=300 seed=11 rep=2: optimal
OSQP LP-RANGED n=300 seed=29 rep=-1: optimal
OSQP LP-RANGED n=300 seed=29 rep=0: optimal
OSQP LP-RANGED n=300 seed=29 rep=1: optimal
OSQP LP-RANGED n=300 seed=29 rep=2: optimal
OSQP LP-RANGED n=300 seed=47 rep=-1: optimal
OSQP LP-RANGED n=300 seed=47 rep=0: optimal
OSQP LP-RANGED n=300 seed=47 rep=1: optimal
OSQP LP-RANGED n=300 seed=47 rep=2: optimal
OSQP LP-RANGED n=1000 seed=11 rep=-1: optimal
OSQP LP-RANGED n=1000 seed=11 rep=0: optimal
OSQP LP-RANGED n=1000 seed=11 rep=1: optimal
OSQP LP-RANGED n=1000 seed=11 rep=2: optimal
OSQP LP-RANGED n=1000 seed=29 rep=-1: optimal
OSQP LP-RANGED n=1000 seed=29 rep=0: optimal
OSQP LP-RANGED n=1000 seed=29 rep=1: optimal
OSQP LP-RANGED n=1000 seed=29 rep=2: optimal
OSQP LP-RANGED n=1000 seed=47 rep=-1: optimal
OSQP LP-RANGED n=1000 seed=47 rep=0: optimal
OSQP LP-RANGED n=1000 seed=47 rep=1: optimal
OSQP LP-RANGED n=1000 seed=47 rep=2: optimal
OSQP LP-RANGED n=3000 seed=11 rep=-1: optimal
OSQP LP-RANGED n=3000 seed=11 rep=0: optimal
OSQP LP-RANGED n=3000 seed=11 rep=1: optimal
OSQP LP-RANGED n=3000 seed=11 rep=2: optimal
OSQP LP-RANGED n=3000 seed=29 rep=-1: optimal
OSQP LP-RANGED n=3000 seed=29 rep=0: optimal
OSQP LP-RANGED n=3000 seed=29 rep=1: optimal
OSQP LP-RANGED n=3000 seed=29 rep=2: optimal
OSQP LP-RANGED n=3000 seed=47 rep=-1: optimal
OSQP LP-RANGED n=3000 seed=47 rep=0: optimal
OSQP LP-RANGED n=3000 seed=47 rep=1: optimal
OSQP LP-RANGED n=3000 seed=47 rep=2: optimal
OSQP LP-RANGED n=10000 seed=11 rep=-1: optimal
OSQP LP-RANGED n=10000 seed=11 rep=0: optimal
OSQP LP-RANGED n=10000 seed=11 rep=1: optimal
OSQP LP-RANGED n=10000 seed=11 rep=2: optimal
OSQP LP-RANGED n=10000 seed=29 rep=-1: optimal
OSQP LP-RANGED n=10000 seed=29 rep=0: optimal
OSQP LP-RANGED n=10000 seed=29 rep=1: optimal
OSQP LP-RANGED n=10000 seed=29 rep=2: optimal
OSQP LP-RANGED n=10000 seed=47 rep=-1: optimal
OSQP LP-RANGED n=10000 seed=47 rep=0: optimal
OSQP LP-RANGED n=10000 seed=47 rep=1: optimal
OSQP LP-RANGED n=10000 seed=47 rep=2: optimal
OSQP LP-MIXED n=100 seed=11 rep=-1: optimal
OSQP LP-MIXED n=100 seed=11 rep=0: optimal
OSQP LP-MIXED n=100 seed=11 rep=1: optimal
OSQP LP-MIXED n=100 seed=11 rep=2: optimal
OSQP LP-MIXED n=100 seed=29 rep=-1: optimal
OSQP LP-MIXED n=100 seed=29 rep=0: optimal
OSQP LP-MIXED n=100 seed=29 rep=1: optimal
OSQP LP-MIXED n=100 seed=29 rep=2: optimal
OSQP LP-MIXED n=100 seed=47 rep=-1: optimal
OSQP LP-MIXED n=100 seed=47 rep=0: optimal
OSQP LP-MIXED n=100 seed=47 rep=1: optimal
OSQP LP-MIXED n=100 seed=47 rep=2: optimal
OSQP LP-MIXED n=300 seed=11 rep=-1: optimal
OSQP LP-MIXED n=300 seed=11 rep=0: optimal
OSQP LP-MIXED n=300 seed=11 rep=1: optimal
OSQP LP-MIXED n=300 seed=11 rep=2: optimal
OSQP LP-MIXED n=300 seed=29 rep=-1: optimal
OSQP LP-MIXED n=300 seed=29 rep=0: optimal
OSQP LP-MIXED n=300 seed=29 rep=1: optimal
OSQP LP-MIXED n=300 seed=29 rep=2: optimal
OSQP LP-MIXED n=300 seed=47 rep=-1: optimal
OSQP LP-MIXED n=300 seed=47 rep=0: optimal
OSQP LP-MIXED n=300 seed=47 rep=1: optimal
OSQP LP-MIXED n=300 seed=47 rep=2: optimal
OSQP LP-MIXED n=1000 seed=11 rep=-1: optimal
OSQP LP-MIXED n=1000 seed=11 rep=0: optimal
OSQP LP-MIXED n=1000 seed=11 rep=1: optimal
OSQP LP-MIXED n=1000 seed=11 rep=2: optimal
OSQP LP-MIXED n=1000 seed=29 rep=-1: optimal
OSQP LP-MIXED n=1000 seed=29 rep=0: optimal
OSQP LP-MIXED n=1000 seed=29 rep=1: optimal
OSQP LP-MIXED n=1000 seed=29 rep=2: optimal
OSQP LP-MIXED n=1000 seed=47 rep=-1: optimal
OSQP LP-MIXED n=1000 seed=47 rep=0: optimal
OSQP LP-MIXED n=1000 seed=47 rep=1: optimal
OSQP LP-MIXED n=1000 seed=47 rep=2: optimal
OSQP LP-MIXED n=3000 seed=11 rep=-1: optimal
OSQP LP-MIXED n=3000 seed=11 rep=0: optimal
OSQP LP-MIXED n=3000 seed=11 rep=1: optimal
OSQP LP-MIXED n=3000 seed=11 rep=2: optimal
OSQP LP-MIXED n=3000 seed=29 rep=-1: optimal
OSQP LP-MIXED n=3000 seed=29 rep=0: optimal
OSQP LP-MIXED n=3000 seed=29 rep=1: optimal
OSQP LP-MIXED n=3000 seed=29 rep=2: optimal
OSQP LP-MIXED n=3000 seed=47 rep=-1: optimal
OSQP LP-MIXED n=3000 seed=47 rep=0: optimal
OSQP LP-MIXED n=3000 seed=47 rep=1: optimal
OSQP LP-MIXED n=3000 seed=47 rep=2: optimal
OSQP LP-MIXED n=10000 seed=11 rep=-1: optimal
OSQP LP-MIXED n=10000 seed=11 rep=0: optimal
OSQP LP-MIXED n=10000 seed=11 rep=1: optimal
OSQP LP-MIXED n=10000 seed=11 rep=2: optimal
OSQP LP-MIXED n=10000 seed=29 rep=-1: optimal
OSQP LP-MIXED n=10000 seed=29 rep=0: optimal
OSQP LP-MIXED n=10000 seed=29 rep=1: optimal
OSQP LP-MIXED n=10000 seed=29 rep=2: optimal
OSQP LP-MIXED n=10000 seed=47 rep=-1: optimal
OSQP LP-MIXED n=10000 seed=47 rep=0: optimal
OSQP LP-MIXED n=10000 seed=47 rep=1: optimal
OSQP LP-MIXED n=10000 seed=47 rep=2: optimal
OSQP QP-DIAGONAL n=100 seed=11 rep=-1: optimal
OSQP QP-DIAGONAL n=100 seed=11 rep=0: optimal
OSQP QP-DIAGONAL n=100 seed=11 rep=1: optimal
OSQP QP-DIAGONAL n=100 seed=11 rep=2: optimal
OSQP QP-DIAGONAL n=100 seed=29 rep=-1: optimal
OSQP QP-DIAGONAL n=100 seed=29 rep=0: optimal
OSQP QP-DIAGONAL n=100 seed=29 rep=1: optimal
OSQP QP-DIAGONAL n=100 seed=29 rep=2: optimal
OSQP QP-DIAGONAL n=100 seed=47 rep=-1: optimal
OSQP QP-DIAGONAL n=100 seed=47 rep=0: optimal
OSQP QP-DIAGONAL n=100 seed=47 rep=1: optimal
OSQP QP-DIAGONAL n=100 seed=47 rep=2: optimal
OSQP QP-DIAGONAL n=300 seed=11 rep=-1: optimal
OSQP QP-DIAGONAL n=300 seed=11 rep=0: optimal
OSQP QP-DIAGONAL n=300 seed=11 rep=1: optimal
OSQP QP-DIAGONAL n=300 seed=11 rep=2: optimal
Polishing not needed - no active set detected at optimal point
OSQP QP-DIAGONAL n=300 seed=29 rep=-1: optimal
Polishing not needed - no active set detected at optimal point
OSQP QP-DIAGONAL n=300 seed=29 rep=0: optimal
Polishing not needed - no active set detected at optimal point
OSQP QP-DIAGONAL n=300 seed=29 rep=1: optimal
Polishing not needed - no active set detected at optimal point
OSQP QP-DIAGONAL n=300 seed=29 rep=2: optimal
Polishing not needed - no active set detected at optimal point
OSQP QP-DIAGONAL n=300 seed=47 rep=-1: optimal
Polishing not needed - no active set detected at optimal point
OSQP QP-DIAGONAL n=300 seed=47 rep=0: optimal
Polishing not needed - no active set detected at optimal point
OSQP QP-DIAGONAL n=300 seed=47 rep=1: optimal
Polishing not needed - no active set detected at optimal point
OSQP QP-DIAGONAL n=300 seed=47 rep=2: optimal
OSQP QP-DIAGONAL n=1000 seed=11 rep=-1: optimal
OSQP QP-DIAGONAL n=1000 seed=11 rep=0: optimal
OSQP QP-DIAGONAL n=1000 seed=11 rep=1: optimal
OSQP QP-DIAGONAL n=1000 seed=11 rep=2: optimal
OSQP QP-DIAGONAL n=1000 seed=29 rep=-1: optimal
OSQP QP-DIAGONAL n=1000 seed=29 rep=0: optimal
OSQP QP-DIAGONAL n=1000 seed=29 rep=1: optimal
OSQP QP-DIAGONAL n=1000 seed=29 rep=2: optimal
OSQP QP-DIAGONAL n=1000 seed=47 rep=-1: optimal
OSQP QP-DIAGONAL n=1000 seed=47 rep=0: optimal
OSQP QP-DIAGONAL n=1000 seed=47 rep=1: optimal
OSQP QP-DIAGONAL n=1000 seed=47 rep=2: optimal
Polishing not needed - no active set detected at optimal point
OSQP QP-DIAGONAL n=3000 seed=11 rep=-1: optimal
Polishing not needed - no active set detected at optimal point
OSQP QP-DIAGONAL n=3000 seed=11 rep=0: optimal
Polishing not needed - no active set detected at optimal point
OSQP QP-DIAGONAL n=3000 seed=11 rep=1: optimal
Polishing not needed - no active set detected at optimal point
OSQP QP-DIAGONAL n=3000 seed=11 rep=2: optimal
Polishing not needed - no active set detected at optimal point
OSQP QP-DIAGONAL n=3000 seed=29 rep=-1: optimal
Polishing not needed - no active set detected at optimal point
OSQP QP-DIAGONAL n=3000 seed=29 rep=0: optimal
Polishing not needed - no active set detected at optimal point
OSQP QP-DIAGONAL n=3000 seed=29 rep=1: optimal
Polishing not needed - no active set detected at optimal point
OSQP QP-DIAGONAL n=3000 seed=29 rep=2: optimal
Polishing not needed - no active set detected at optimal point
OSQP QP-DIAGONAL n=3000 seed=47 rep=-1: optimal
Polishing not needed - no active set detected at optimal point
OSQP QP-DIAGONAL n=3000 seed=47 rep=0: optimal
Polishing not needed - no active set detected at optimal point
OSQP QP-DIAGONAL n=3000 seed=47 rep=1: optimal
Polishing not needed - no active set detected at optimal point
OSQP QP-DIAGONAL n=3000 seed=47 rep=2: optimal
OSQP QP-DIAGONAL n=10000 seed=11 rep=-1: optimal
OSQP QP-DIAGONAL n=10000 seed=11 rep=0: optimal
OSQP QP-DIAGONAL n=10000 seed=11 rep=1: optimal
OSQP QP-DIAGONAL n=10000 seed=11 rep=2: optimal
Polishing not needed - no active set detected at optimal point
OSQP QP-DIAGONAL n=10000 seed=29 rep=-1: optimal
Polishing not needed - no active set detected at optimal point
OSQP QP-DIAGONAL n=10000 seed=29 rep=0: optimal
Polishing not needed - no active set detected at optimal point
OSQP QP-DIAGONAL n=10000 seed=29 rep=1: optimal
Polishing not needed - no active set detected at optimal point
OSQP QP-DIAGONAL n=10000 seed=29 rep=2: optimal
OSQP QP-DIAGONAL n=10000 seed=47 rep=-1: optimal
OSQP QP-DIAGONAL n=10000 seed=47 rep=0: optimal
OSQP QP-DIAGONAL n=10000 seed=47 rep=1: optimal
OSQP QP-DIAGONAL n=10000 seed=47 rep=2: optimal
OSQP QP-SPARSE-COUPLED n=100 seed=11 rep=-1: optimal
OSQP QP-SPARSE-COUPLED n=100 seed=11 rep=0: optimal
OSQP QP-SPARSE-COUPLED n=100 seed=11 rep=1: optimal
OSQP QP-SPARSE-COUPLED n=100 seed=11 rep=2: optimal
OSQP QP-SPARSE-COUPLED n=100 seed=29 rep=-1: optimal
OSQP QP-SPARSE-COUPLED n=100 seed=29 rep=0: optimal
OSQP QP-SPARSE-COUPLED n=100 seed=29 rep=1: optimal
OSQP QP-SPARSE-COUPLED n=100 seed=29 rep=2: optimal
OSQP QP-SPARSE-COUPLED n=100 seed=47 rep=-1: optimal
OSQP QP-SPARSE-COUPLED n=100 seed=47 rep=0: optimal
OSQP QP-SPARSE-COUPLED n=100 seed=47 rep=1: optimal
OSQP QP-SPARSE-COUPLED n=100 seed=47 rep=2: optimal
OSQP QP-SPARSE-COUPLED n=300 seed=11 rep=-1: optimal
OSQP QP-SPARSE-COUPLED n=300 seed=11 rep=0: optimal
OSQP QP-SPARSE-COUPLED n=300 seed=11 rep=1: optimal
OSQP QP-SPARSE-COUPLED n=300 seed=11 rep=2: optimal
OSQP QP-SPARSE-COUPLED n=300 seed=29 rep=-1: optimal
OSQP QP-SPARSE-COUPLED n=300 seed=29 rep=0: optimal
OSQP QP-SPARSE-COUPLED n=300 seed=29 rep=1: optimal
OSQP QP-SPARSE-COUPLED n=300 seed=29 rep=2: optimal
OSQP QP-SPARSE-COUPLED n=300 seed=47 rep=-1: optimal
OSQP QP-SPARSE-COUPLED n=300 seed=47 rep=0: optimal
OSQP QP-SPARSE-COUPLED n=300 seed=47 rep=1: optimal
OSQP QP-SPARSE-COUPLED n=300 seed=47 rep=2: optimal
OSQP QP-SPARSE-COUPLED n=1000 seed=11 rep=-1: optimal
OSQP QP-SPARSE-COUPLED n=1000 seed=11 rep=0: optimal
OSQP QP-SPARSE-COUPLED n=1000 seed=11 rep=1: optimal
OSQP QP-SPARSE-COUPLED n=1000 seed=11 rep=2: optimal
OSQP QP-SPARSE-COUPLED n=1000 seed=29 rep=-1: optimal
OSQP QP-SPARSE-COUPLED n=1000 seed=29 rep=0: optimal
OSQP QP-SPARSE-COUPLED n=1000 seed=29 rep=1: optimal
OSQP QP-SPARSE-COUPLED n=1000 seed=29 rep=2: optimal
OSQP QP-SPARSE-COUPLED n=1000 seed=47 rep=-1: optimal
OSQP QP-SPARSE-COUPLED n=1000 seed=47 rep=0: optimal
OSQP QP-SPARSE-COUPLED n=1000 seed=47 rep=1: optimal
OSQP QP-SPARSE-COUPLED n=1000 seed=47 rep=2: optimal
OSQP QP-SPARSE-COUPLED n=3000 seed=11 rep=-1: optimal
OSQP QP-SPARSE-COUPLED n=3000 seed=11 rep=0: optimal
OSQP QP-SPARSE-COUPLED n=3000 seed=11 rep=1: optimal
OSQP QP-SPARSE-COUPLED n=3000 seed=11 rep=2: optimal
OSQP QP-SPARSE-COUPLED n=3000 seed=29 rep=-1: optimal
OSQP QP-SPARSE-COUPLED n=3000 seed=29 rep=0: optimal
OSQP QP-SPARSE-COUPLED n=3000 seed=29 rep=1: optimal
OSQP QP-SPARSE-COUPLED n=3000 seed=29 rep=2: optimal
OSQP QP-SPARSE-COUPLED n=3000 seed=47 rep=-1: optimal
OSQP QP-SPARSE-COUPLED n=3000 seed=47 rep=0: optimal
OSQP QP-SPARSE-COUPLED n=3000 seed=47 rep=1: optimal
OSQP QP-SPARSE-COUPLED n=3000 seed=47 rep=2: optimal
OSQP QP-SPARSE-COUPLED n=10000 seed=11 rep=-1: optimal
OSQP QP-SPARSE-COUPLED n=10000 seed=11 rep=0: optimal
OSQP QP-SPARSE-COUPLED n=10000 seed=11 rep=1: optimal
OSQP QP-SPARSE-COUPLED n=10000 seed=11 rep=2: optimal
OSQP QP-SPARSE-COUPLED n=10000 seed=29 rep=-1: optimal
OSQP QP-SPARSE-COUPLED n=10000 seed=29 rep=0: optimal
OSQP QP-SPARSE-COUPLED n=10000 seed=29 rep=1: optimal
OSQP QP-SPARSE-COUPLED n=10000 seed=29 rep=2: optimal
OSQP QP-SPARSE-COUPLED n=10000 seed=47 rep=-1: optimal
OSQP QP-SPARSE-COUPLED n=10000 seed=47 rep=0: optimal
OSQP QP-SPARSE-COUPLED n=10000 seed=47 rep=1: optimal
OSQP QP-SPARSE-COUPLED n=10000 seed=47 rep=2: optimal
cuOpt LP-RANGED n=100 seed=11 rep=-1: optimal
cuOpt LP-RANGED n=100 seed=11 rep=0: optimal
cuOpt LP-RANGED n=100 seed=11 rep=1: optimal
cuOpt LP-RANGED n=100 seed=11 rep=2: optimal
cuOpt LP-RANGED n=100 seed=29 rep=-1: optimal
cuOpt LP-RANGED n=100 seed=29 rep=0: optimal
cuOpt LP-RANGED n=100 seed=29 rep=1: optimal
cuOpt LP-RANGED n=100 seed=29 rep=2: optimal
cuOpt LP-RANGED n=100 seed=47 rep=-1: optimal
cuOpt LP-RANGED n=100 seed=47 rep=0: optimal
cuOpt LP-RANGED n=100 seed=47 rep=1: optimal
cuOpt LP-RANGED n=100 seed=47 rep=2: optimal
cuOpt LP-RANGED n=300 seed=11 rep=-1: optimal
cuOpt LP-RANGED n=300 seed=11 rep=0: optimal
cuOpt LP-RANGED n=300 seed=11 rep=1: optimal
cuOpt LP-RANGED n=300 seed=11 rep=2: optimal
cuOpt LP-RANGED n=300 seed=29 rep=-1: optimal
cuOpt LP-RANGED n=300 seed=29 rep=0: optimal
cuOpt LP-RANGED n=300 seed=29 rep=1: optimal
cuOpt LP-RANGED n=300 seed=29 rep=2: optimal
cuOpt LP-RANGED n=300 seed=47 rep=-1: optimal
cuOpt LP-RANGED n=300 seed=47 rep=0: optimal
cuOpt LP-RANGED n=300 seed=47 rep=1: optimal
cuOpt LP-RANGED n=300 seed=47 rep=2: optimal
Restarting the cuOpt worker process after 24 persisted measurements
cuOpt LP-RANGED n=1000 seed=11 rep=-1: optimal
cuOpt LP-RANGED n=1000 seed=11 rep=0: optimal
cuOpt LP-RANGED n=1000 seed=11 rep=1: optimal
cuOpt LP-RANGED n=1000 seed=11 rep=2: optimal
cuOpt LP-RANGED n=1000 seed=29 rep=-1: optimal
cuOpt LP-RANGED n=1000 seed=29 rep=0: optimal
cuOpt LP-RANGED n=1000 seed=29 rep=1: optimal
cuOpt LP-RANGED n=1000 seed=29 rep=2: optimal
cuOpt LP-RANGED n=1000 seed=47 rep=-1: optimal
cuOpt LP-RANGED n=1000 seed=47 rep=0: optimal
cuOpt LP-RANGED n=1000 seed=47 rep=1: optimal
cuOpt LP-RANGED n=1000 seed=47 rep=2: optimal
cuOpt LP-RANGED n=3000 seed=11 rep=-1: optimal
cuOpt LP-RANGED n=3000 seed=11 rep=0: optimal
cuOpt LP-RANGED n=3000 seed=11 rep=1: optimal
cuOpt LP-RANGED n=3000 seed=11 rep=2: optimal
cuOpt LP-RANGED n=3000 seed=29 rep=-1: optimal
cuOpt LP-RANGED n=3000 seed=29 rep=0: optimal
cuOpt LP-RANGED n=3000 seed=29 rep=1: optimal
cuOpt LP-RANGED n=3000 seed=29 rep=2: optimal
cuOpt LP-RANGED n=3000 seed=47 rep=-1: optimal
cuOpt LP-RANGED n=3000 seed=47 rep=0: optimal
cuOpt LP-RANGED n=3000 seed=47 rep=1: optimal
cuOpt LP-RANGED n=3000 seed=47 rep=2: optimal
Restarting the cuOpt worker process after 24 persisted measurements
cuOpt LP-RANGED n=10000 seed=11 rep=-1: optimal
cuOpt LP-RANGED n=10000 seed=11 rep=0: optimal
cuOpt LP-RANGED n=10000 seed=11 rep=1: optimal
cuOpt LP-RANGED n=10000 seed=11 rep=2: optimal
cuOpt LP-RANGED n=10000 seed=29 rep=-1: optimal
cuOpt LP-RANGED n=10000 seed=29 rep=0: optimal
cuOpt LP-RANGED n=10000 seed=29 rep=1: optimal
cuOpt LP-RANGED n=10000 seed=29 rep=2: optimal
cuOpt LP-RANGED n=10000 seed=47 rep=-1: optimal
cuOpt LP-RANGED n=10000 seed=47 rep=0: optimal
cuOpt LP-RANGED n=10000 seed=47 rep=1: optimal
cuOpt LP-RANGED n=10000 seed=47 rep=2: optimal
cuOpt LP-MIXED n=100 seed=11 rep=-1: optimal
cuOpt LP-MIXED n=100 seed=11 rep=0: optimal
cuOpt LP-MIXED n=100 seed=11 rep=1: optimal
cuOpt LP-MIXED n=100 seed=11 rep=2: optimal
cuOpt LP-MIXED n=100 seed=29 rep=-1: optimal
cuOpt LP-MIXED n=100 seed=29 rep=0: optimal
cuOpt LP-MIXED n=100 seed=29 rep=1: optimal
cuOpt LP-MIXED n=100 seed=29 rep=2: optimal
cuOpt LP-MIXED n=100 seed=47 rep=-1: optimal
cuOpt LP-MIXED n=100 seed=47 rep=0: optimal
cuOpt LP-MIXED n=100 seed=47 rep=1: optimal
cuOpt LP-MIXED n=100 seed=47 rep=2: optimal
Restarting the cuOpt worker process after 24 persisted measurements
cuOpt LP-MIXED n=300 seed=11 rep=-1: optimal
cuOpt LP-MIXED n=300 seed=11 rep=0: optimal
cuOpt LP-MIXED n=300 seed=11 rep=1: optimal
cuOpt LP-MIXED n=300 seed=11 rep=2: optimal
cuOpt LP-MIXED n=300 seed=29 rep=-1: optimal
cuOpt LP-MIXED n=300 seed=29 rep=0: optimal
cuOpt LP-MIXED n=300 seed=29 rep=1: optimal
cuOpt LP-MIXED n=300 seed=29 rep=2: optimal
cuOpt LP-MIXED n=300 seed=47 rep=-1: optimal
cuOpt LP-MIXED n=300 seed=47 rep=0: optimal
cuOpt LP-MIXED n=300 seed=47 rep=1: optimal
cuOpt LP-MIXED n=300 seed=47 rep=2: optimal
cuOpt LP-MIXED n=1000 seed=11 rep=-1: optimal
cuOpt LP-MIXED n=1000 seed=11 rep=0: optimal
cuOpt LP-MIXED n=1000 seed=11 rep=1: optimal
cuOpt LP-MIXED n=1000 seed=11 rep=2: optimal
cuOpt LP-MIXED n=1000 seed=29 rep=-1: optimal
cuOpt LP-MIXED n=1000 seed=29 rep=0: optimal
cuOpt LP-MIXED n=1000 seed=29 rep=1: optimal
cuOpt LP-MIXED n=1000 seed=29 rep=2: optimal
cuOpt LP-MIXED n=1000 seed=47 rep=-1: optimal
cuOpt LP-MIXED n=1000 seed=47 rep=0: optimal
cuOpt LP-MIXED n=1000 seed=47 rep=1: optimal
cuOpt LP-MIXED n=1000 seed=47 rep=2: optimal
Restarting the cuOpt worker process after 24 persisted measurements
cuOpt LP-MIXED n=3000 seed=11 rep=-1: optimal
cuOpt LP-MIXED n=3000 seed=11 rep=0: optimal
cuOpt LP-MIXED n=3000 seed=11 rep=1: optimal
cuOpt LP-MIXED n=3000 seed=11 rep=2: optimal
cuOpt LP-MIXED n=3000 seed=29 rep=-1: optimal
cuOpt LP-MIXED n=3000 seed=29 rep=0: optimal
cuOpt LP-MIXED n=3000 seed=29 rep=1: optimal
cuOpt LP-MIXED n=3000 seed=29 rep=2: optimal
cuOpt LP-MIXED n=3000 seed=47 rep=-1: optimal
cuOpt LP-MIXED n=3000 seed=47 rep=0: optimal
cuOpt LP-MIXED n=3000 seed=47 rep=1: optimal
cuOpt LP-MIXED n=3000 seed=47 rep=2: optimal
cuOpt LP-MIXED n=10000 seed=11 rep=-1: optimal
cuOpt LP-MIXED n=10000 seed=11 rep=0: optimal
cuOpt LP-MIXED n=10000 seed=11 rep=1: optimal
cuOpt LP-MIXED n=10000 seed=11 rep=2: optimal
cuOpt LP-MIXED n=10000 seed=29 rep=-1: optimal
cuOpt LP-MIXED n=10000 seed=29 rep=0: optimal
cuOpt LP-MIXED n=10000 seed=29 rep=1: optimal
cuOpt LP-MIXED n=10000 seed=29 rep=2: optimal
cuOpt LP-MIXED n=10000 seed=47 rep=-1: optimal
cuOpt LP-MIXED n=10000 seed=47 rep=0: optimal
cuOpt LP-MIXED n=10000 seed=47 rep=1: optimal
cuOpt LP-MIXED n=10000 seed=47 rep=2: optimal
Restarting the cuOpt worker process after 24 persisted measurements
cuOpt QP-DIAGONAL n=100 seed=11 rep=-1: optimal
cuOpt QP-DIAGONAL n=100 seed=11 rep=0: optimal
cuOpt QP-DIAGONAL n=100 seed=11 rep=1: optimal
cuOpt QP-DIAGONAL n=100 seed=11 rep=2: optimal
cuOpt QP-DIAGONAL n=100 seed=29 rep=-1: optimal
cuOpt QP-DIAGONAL n=100 seed=29 rep=0: optimal
cuOpt QP-DIAGONAL n=100 seed=29 rep=1: optimal
cuOpt QP-DIAGONAL n=100 seed=29 rep=2: optimal
cuOpt QP-DIAGONAL n=100 seed=47 rep=-1: optimal
cuOpt QP-DIAGONAL n=100 seed=47 rep=0: optimal
cuOpt QP-DIAGONAL n=100 seed=47 rep=1: optimal
cuOpt QP-DIAGONAL n=100 seed=47 rep=2: optimal
cuOpt QP-DIAGONAL n=300 seed=11 rep=-1: optimal
cuOpt QP-DIAGONAL n=300 seed=11 rep=0: optimal
cuOpt QP-DIAGONAL n=300 seed=11 rep=1: optimal
cuOpt QP-DIAGONAL n=300 seed=11 rep=2: optimal
cuOpt QP-DIAGONAL n=300 seed=29 rep=-1: optimal
cuOpt QP-DIAGONAL n=300 seed=29 rep=0: optimal
cuOpt QP-DIAGONAL n=300 seed=29 rep=1: optimal
cuOpt QP-DIAGONAL n=300 seed=29 rep=2: optimal
cuOpt QP-DIAGONAL n=300 seed=47 rep=-1: optimal
cuOpt QP-DIAGONAL n=300 seed=47 rep=0: optimal
cuOpt QP-DIAGONAL n=300 seed=47 rep=1: optimal
cuOpt QP-DIAGONAL n=300 seed=47 rep=2: optimal
Restarting the cuOpt worker process after 24 persisted measurements
cuOpt QP-DIAGONAL n=1000 seed=11 rep=-1: optimal
cuOpt QP-DIAGONAL n=1000 seed=11 rep=0: optimal
cuOpt QP-DIAGONAL n=1000 seed=11 rep=1: optimal
cuOpt QP-DIAGONAL n=1000 seed=11 rep=2: optimal
cuOpt QP-DIAGONAL n=1000 seed=29 rep=-1: optimal
cuOpt QP-DIAGONAL n=1000 seed=29 rep=0: optimal
cuOpt QP-DIAGONAL n=1000 seed=29 rep=1: optimal
cuOpt QP-DIAGONAL n=1000 seed=29 rep=2: optimal
cuOpt QP-DIAGONAL n=1000 seed=47 rep=-1: optimal
cuOpt QP-DIAGONAL n=1000 seed=47 rep=0: optimal
cuOpt QP-DIAGONAL n=1000 seed=47 rep=1: optimal
cuOpt QP-DIAGONAL n=1000 seed=47 rep=2: optimal
cuOpt QP-DIAGONAL n=3000 seed=11 rep=-1: optimal
cuOpt QP-DIAGONAL n=3000 seed=11 rep=0: optimal
cuOpt QP-DIAGONAL n=3000 seed=11 rep=1: optimal
cuOpt QP-DIAGONAL n=3000 seed=11 rep=2: optimal
cuOpt QP-DIAGONAL n=3000 seed=29 rep=-1: optimal
cuOpt QP-DIAGONAL n=3000 seed=29 rep=0: optimal
cuOpt QP-DIAGONAL n=3000 seed=29 rep=1: optimal
cuOpt QP-DIAGONAL n=3000 seed=29 rep=2: optimal
cuOpt QP-DIAGONAL n=3000 seed=47 rep=-1: optimal
cuOpt QP-DIAGONAL n=3000 seed=47 rep=0: optimal
cuOpt QP-DIAGONAL n=3000 seed=47 rep=1: optimal
cuOpt QP-DIAGONAL n=3000 seed=47 rep=2: optimal
Restarting the cuOpt worker process after 24 persisted measurements
cuOpt QP-DIAGONAL n=10000 seed=11 rep=-1: optimal
cuOpt QP-DIAGONAL n=10000 seed=11 rep=0: optimal
cuOpt QP-DIAGONAL n=10000 seed=11 rep=1: optimal
cuOpt QP-DIAGONAL n=10000 seed=11 rep=2: optimal
cuOpt QP-DIAGONAL n=10000 seed=29 rep=-1: optimal
cuOpt QP-DIAGONAL n=10000 seed=29 rep=0: optimal
cuOpt QP-DIAGONAL n=10000 seed=29 rep=1: optimal
cuOpt QP-DIAGONAL n=10000 seed=29 rep=2: optimal
cuOpt QP-DIAGONAL n=10000 seed=47 rep=-1: optimal
cuOpt QP-DIAGONAL n=10000 seed=47 rep=0: optimal
cuOpt QP-DIAGONAL n=10000 seed=47 rep=1: optimal
cuOpt QP-DIAGONAL n=10000 seed=47 rep=2: optimal
cuOpt QP-SPARSE-COUPLED n=100 seed=11 rep=-1: optimal
cuOpt QP-SPARSE-COUPLED n=100 seed=11 rep=0: optimal
cuOpt QP-SPARSE-COUPLED n=100 seed=11 rep=1: optimal
cuOpt QP-SPARSE-COUPLED n=100 seed=11 rep=2: optimal
cuOpt QP-SPARSE-COUPLED n=100 seed=29 rep=-1: optimal
cuOpt QP-SPARSE-COUPLED n=100 seed=29 rep=0: optimal
cuOpt QP-SPARSE-COUPLED n=100 seed=29 rep=1: optimal
cuOpt QP-SPARSE-COUPLED n=100 seed=29 rep=2: optimal
cuOpt QP-SPARSE-COUPLED n=100 seed=47 rep=-1: optimal
cuOpt QP-SPARSE-COUPLED n=100 seed=47 rep=0: optimal
cuOpt QP-SPARSE-COUPLED n=100 seed=47 rep=1: optimal
cuOpt QP-SPARSE-COUPLED n=100 seed=47 rep=2: optimal
Restarting the cuOpt worker process after 24 persisted measurements
cuOpt QP-SPARSE-COUPLED n=300 seed=11 rep=-1: optimal
cuOpt QP-SPARSE-COUPLED n=300 seed=11 rep=0: optimal
cuOpt QP-SPARSE-COUPLED n=300 seed=11 rep=1: optimal
cuOpt QP-SPARSE-COUPLED n=300 seed=11 rep=2: optimal
cuOpt QP-SPARSE-COUPLED n=300 seed=29 rep=-1: optimal
cuOpt QP-SPARSE-COUPLED n=300 seed=29 rep=0: optimal
cuOpt QP-SPARSE-COUPLED n=300 seed=29 rep=1: optimal
cuOpt QP-SPARSE-COUPLED n=300 seed=29 rep=2: optimal
cuOpt QP-SPARSE-COUPLED n=300 seed=47 rep=-1: optimal
cuOpt QP-SPARSE-COUPLED n=300 seed=47 rep=0: optimal
cuOpt QP-SPARSE-COUPLED n=300 seed=47 rep=1: optimal
cuOpt QP-SPARSE-COUPLED n=300 seed=47 rep=2: optimal
cuOpt QP-SPARSE-COUPLED n=1000 seed=11 rep=-1: optimal
cuOpt QP-SPARSE-COUPLED n=1000 seed=11 rep=0: optimal
cuOpt QP-SPARSE-COUPLED n=1000 seed=11 rep=1: optimal
cuOpt QP-SPARSE-COUPLED n=1000 seed=11 rep=2: optimal
cuOpt QP-SPARSE-COUPLED n=1000 seed=29 rep=-1: optimal
cuOpt QP-SPARSE-COUPLED n=1000 seed=29 rep=0: optimal
cuOpt QP-SPARSE-COUPLED n=1000 seed=29 rep=1: optimal
cuOpt QP-SPARSE-COUPLED n=1000 seed=29 rep=2: optimal
cuOpt QP-SPARSE-COUPLED n=1000 seed=47 rep=-1: optimal
cuOpt QP-SPARSE-COUPLED n=1000 seed=47 rep=0: optimal
cuOpt QP-SPARSE-COUPLED n=1000 seed=47 rep=1: optimal
cuOpt QP-SPARSE-COUPLED n=1000 seed=47 rep=2: optimal
Restarting the cuOpt worker process after 24 persisted measurements
cuOpt QP-SPARSE-COUPLED n=3000 seed=11 rep=-1: optimal
cuOpt QP-SPARSE-COUPLED n=3000 seed=11 rep=0: optimal
cuOpt QP-SPARSE-COUPLED n=3000 seed=11 rep=1: optimal
cuOpt QP-SPARSE-COUPLED n=3000 seed=11 rep=2: optimal
cuOpt QP-SPARSE-COUPLED n=3000 seed=29 rep=-1: optimal
cuOpt QP-SPARSE-COUPLED n=3000 seed=29 rep=0: optimal
cuOpt QP-SPARSE-COUPLED n=3000 seed=29 rep=1: optimal
cuOpt QP-SPARSE-COUPLED n=3000 seed=29 rep=2: optimal
cuOpt QP-SPARSE-COUPLED n=3000 seed=47 rep=-1: optimal
cuOpt QP-SPARSE-COUPLED n=3000 seed=47 rep=0: optimal
cuOpt QP-SPARSE-COUPLED n=3000 seed=47 rep=1: optimal
cuOpt QP-SPARSE-COUPLED n=3000 seed=47 rep=2: optimal
cuOpt QP-SPARSE-COUPLED n=10000 seed=11 rep=-1: optimal
cuOpt QP-SPARSE-COUPLED n=10000 seed=11 rep=0: optimal
cuOpt QP-SPARSE-COUPLED n=10000 seed=11 rep=1: optimal
cuOpt QP-SPARSE-COUPLED n=10000 seed=11 rep=2: optimal
cuOpt QP-SPARSE-COUPLED n=10000 seed=29 rep=-1: optimal
cuOpt QP-SPARSE-COUPLED n=10000 seed=29 rep=0: optimal
cuOpt QP-SPARSE-COUPLED n=10000 seed=29 rep=1: optimal
cuOpt QP-SPARSE-COUPLED n=10000 seed=29 rep=2: optimal
cuOpt QP-SPARSE-COUPLED n=10000 seed=47 rep=-1: optimal
cuOpt QP-SPARSE-COUPLED n=10000 seed=47 rep=0: optimal
cuOpt QP-SPARSE-COUPLED n=10000 seed=47 rep=1: optimal
cuOpt QP-SPARSE-COUPLED n=10000 seed=47 rep=2: optimal
Restarting the cuOpt worker process after 24 persisted measurements
Polishing not needed - no active set detected at optimal point
Polishing not needed - no active set detected at optimal point
Polishing not needed - no active set detected at optimal point
Polishing not needed - no active set detected at optimal point
Polishing not needed - no active set detected at optimal point
Polishing not needed - no active set detected at optimal point
Polishing not needed - no active set detected at optimal point
Polishing not needed - no active set detected at optimal point
Polishing not needed - no active set detected at optimal point
Polishing not needed - no active set detected at optimal point
Polishing not needed - no active set detected at optimal point
Polishing not needed - no active set detected at optimal point
Polishing not needed - no active set detected at optimal point
Polishing not needed - no active set detected at optimal point
Polishing not needed - no active set detected at optimal point
Polishing not needed - no active set detected at optimal point
Polishing not needed - no active set detected at optimal point
Polishing not needed - no active set detected at optimal point
Polishing not needed - no active set detected at optimal point
Polishing not needed - no active set detected at optimal point
Polishing not needed - no active set detected at optimal point
Polishing not needed - no active set detected at optimal point
Polishing not needed - no active set detected at optimal point
Polishing not needed - no active set detected at optimal point
Polishing not needed - no active set detected at optimal point
Polishing not needed - no active set detected at optimal point
Polishing not needed - no active set detected at optimal point
Polishing not needed - no active set detected at optimal point
Polishing not needed - no active set detected at optimal point
Polishing not needed - no active set detected at optimal point
Polishing not needed - no active set detected at optimal point
Polishing not needed - no active set detected at optimal point
Polishing not needed - no active set detected at optimal point
Polishing not needed - no active set detected at optimal point
Polishing not needed - no active set detected at optimal point
Polishing not needed - no active set detected at optimal point
Polishing not needed - no active set detected at optimal point
Polishing not needed - no active set detected at optimal point
Polishing not needed - no active set detected at optimal point
Polishing not needed - no active set detected at optimal point
Polishing not needed - no active set detected at optimal point
Polishing not needed - no active set detected at optimal point
Polishing not needed - no active set detected at optimal point
Polishing not needed - no active set detected at optimal point
Polishing not needed - no active set detected at optimal point
Polishing not needed - no active set detected at optimal point
Polishing not needed - no active set detected at optimal point
Polishing not needed - no active set detected at optimal point
Polishing not needed - no active set detected at optimal point
Polishing not needed - no active set detected at optimal point
Polishing not needed - no active set detected at optimal point
Polishing not needed - no active set detected at optimal point
Polishing not needed - no active set detected at optimal point
Polishing not needed - no active set detected at optimal point
Polishing not needed - no active set detected at optimal point
Polishing not needed - no active set detected at optimal point
Polishing not needed - no active set detected at optimal point
Polishing not needed - no active set detected at optimal point
Polishing not needed - no active set detected at optimal point
Polishing not needed - no active set detected at optimal point
Polishing not needed - no active set detected at optimal point
Polishing not needed - no active set detected at optimal point
Polishing not needed - no active set detected at optimal point
{
  "actual_cold_rows": 480,
  "backends": [
    "OSQP",
    "cuOpt"
  ],
  "canonical_instance_count": 60,
  "cold_results_sha256": "b6aec54b4a90798497c1fd840113a45ca6c2ca1ababec610f16123f8813ff078",
  "config_sha256": "2dafd2e15a912aa664f857b5452627222eb4592aa42093a226869664e67bbc1a",
  "environment_sha256": "ac5b7f60cac4f51313a743cc41cd06c0a80287daab9c6b7c5420e43e60e3f15c",
  "execution": {
    "host": "b40x4-02",
    "output_root": "/lustre/nvwulf/scratch/weicdeng/cuFOLIO_synthetic_benchmark_results_v3_30d_20260810/artifacts/synthetic_solver_benchmark",
    "partition": "b40x4",
    "slurm_job_id": "63094"
  },
  "expected_cold_rows": 480,
  "git_sha": "f00c45ae3d571a1eabe9e66d6034b90683f83626",
  "repeated_update_results_sha256": "2aacc410707c0a93c6aff777d96defdf52a938f3cbb85c29b64d639e54616846",
  "repeated_update_rows": 120,
  "run_kind": "synthetic_osqp_direct_cuopt_raw_benchmark",
  "schema_version": 1,
  "status": "pass"
}
{
  "files": {
    "plots/correctness_diagnostics.pdf": "6468cf895abf2b9ce57155d20c1e13a5fe009a522b9b83ce3e0166bacdee185b",
    "plots/correctness_diagnostics.png": "71e75c87a1062d064b1e1f88e105c6fe275ce494e35b90bf4911911ff1dc62ed",
    "plots/lp_end_to_end_time_vs_n.pdf": "791cd986d75020fbf353093c09c6ca59cbfa08af8d2cae020cc9bc3a80fa5933",
    "plots/lp_end_to_end_time_vs_n.png": "e3cb9eca2a8b4d04598524fc16eee2ab2a4f4c7e1aed97e23246727f3be5e53b",
    "plots/lp_solve_time_vs_n.pdf": "f03818868fb690f70ce6b7436810ffbc90aa4282cbb76122cf5963ba89421a44",
    "plots/lp_solve_time_vs_n.png": "a5ae86e45e195a6a1e6335d1763c4c35e16e67cdcf65d42374cad87811b018c5",
    "plots/osqp_vs_cuopt_runtime_speedup.pdf": "bf49ef3a5418e198a614c4df5cd1e8e029af3506d2190591a5e41d4407a21804",
    "plots/osqp_vs_cuopt_runtime_speedup.png": "e53149a863db6eb809283c45c17820d0aa40687a75f4c18368df76ce7898534f",
    "plots/osqp_vs_cuopt_runtime_speedup_caption.txt": "f9134bfd514b4f66ac326cec8659b37dd7c4846cc91aeaef13c0954f78167707",
    "plots/osqp_vs_cuopt_single_slide.pdf": "bd18e05496634a038b3b064817d10eaa97b5ae572b633c834802f5f394c2ae4b",
    "plots/peak_memory_vs_n.pdf": "f7c0141eedeeb871ae105067024da51761aba5d864662ace0a1e50472c3cf013",
    "plots/peak_memory_vs_n.png": "977f49d276ddbcee6a5670fc9890f0cc4bd985b0b4857b70240840a37cbe0901",
    "plots/qp_end_to_end_time_vs_n.pdf": "e53244516daa690124a5735cbf6ca12ecd18f63a5eafb18406f0ecfd3d963130",
    "plots/qp_end_to_end_time_vs_n.png": "282d093db364a97d0a4f99a92b95c5ee8cbe1f26e77dcec944ac7d3a42f03c20",
    "plots/qp_solve_time_vs_n.pdf": "ce1bcda5053c9a91974937d68cba9b63fb35cea263079709e1aeed76383bdfa0",
    "plots/qp_solve_time_vs_n.png": "186dc8c5143ec3bc5753ba426c58262dfcdfe078bf2e4a482ba6a6fe13eb64f8",
    "plots/repeated_update_amortized_time.pdf": "a6ac83bd0ff683b90313eace65d0a5c69a374b5e7f1c01ae7198ab8274e967b4",
    "plots/repeated_update_amortized_time.png": "f78ff598da2aa726cbc0fe0ac9bd4256f6d640752ce18da88312123f1faf713e",
    "plots/runtime_decomposition.pdf": "884c05683f2e6bc47b1c48e11f3d92b80af48494ef7284695ba8b8cc91666c23",
    "plots/runtime_decomposition.png": "39f406ef8f76432b695f1ce7c0d165061d348af4fd257a54800f4368db2cee78",
    "provenance/comparison_deliverable_audit.json": "e865b8075bd2d1661ec38adf43219c08679439c93ab808fd61cbedb5bc1fb040",
    "provenance/comparison_summary_input.csv": "5336ece566d5b68984d2238d51e062a8a0837c70374cb2c128123dc6bca190a0",
    "provenance/environment.json": "ac5b7f60cac4f51313a743cc41cd06c0a80287daab9c6b7c5420e43e60e3f15c",
    "provenance/flagship_plot_points.csv": "9046243d9dfb617dcddce4aff2d77877f5c3c58a90bb1afdc400b050578c7e8f",
    "provenance/registered_seed_summary.csv": "caf95c963dce9a632eb3e5cf5203b5a358988ceefc7cd4dffefd3a2675ab3017",
    "raw/cold_results.csv": "b6aec54b4a90798497c1fd840113a45ca6c2ca1ababec610f16123f8813ff078",
    "raw/repeated_update_results.csv": "2aacc410707c0a93c6aff777d96defdf52a938f3cbb85c29b64d639e54616846",
    "raw/run_manifest.json": "fd99a198faa8d4984573c15fd733f6b04ac0112243a491ac000dec02910cae96",
    "synthetic_solver_benchmark_report.md": "08dc4f0a93864d2665ec55082c9b558e22b0577dfca4f62fb240f97d9af373e9",
    "tables/cold_solve_time.csv": "9c12b02cb5c6a65f6bd7a8ab0a90d6505879eff2b91fd85a409568fecac53c6c",
    "tables/cold_solve_time.md": "bc6713786793e7743eda465790a75f3112f1cc7172406bd9757b65f0ac967000",
    "tables/cold_solve_time.tex": "e1c4570b69fb4cc0aaf48b26d7a71346678b665ed81d74dedaf0d47bc3f215a6",
    "tables/correctness_summary.csv": "a5ed413d9871f414acbe0a8f499d56e1d97ddb5360f3efa74dc87a77045ac1e6",
    "tables/correctness_summary.md": "244df4ba84a1e6a290782da4d2c2768ca4e5db81da2eff02a1f0bee823b00614",
    "tables/correctness_summary.tex": "734c80fcd635a059d19f5d66658bc95bc1a07c41dc9e88fcfd0c0b3bbd73bd1c",
    "tables/crossover_size.csv": "5e66860ef664a8c72a94b2dc302a3a725c3ec2a7eddad10cae640251ee4ce62b",
    "tables/crossover_size.md": "e48987807d1b5d618ff76146d76628fa75a177b2128a78a8c9c825f42e0b1d6e",
    "tables/crossover_size.tex": "026e2f591b1916193d109fbc044ff241b89a6e0e9357a1afc6e2ae094f9567ae",
    "tables/end_to_end_time.csv": "76ce320c26ce519c260bf0ca53e9df2d75c33a871ad4eeeb61c737c26680f26e",
    "tables/end_to_end_time.md": "78363f726a72e3a89e4fa0ca539bfe0f9b3759ad4a28dea0890ef5c3b803b69a",
    "tables/end_to_end_time.tex": "6631b413c987631cd6b8540b4d5be577e006679cb427c96ca7346d26e36d15ff",
    "tables/environment_hardware.csv": "c49b2377353b2bec6bdd8e5282ef9d802cbcfd5be1e5a315645c591a667d5b62",
    "tables/environment_hardware.md": "bfc5b895e13f1ede63a219d5def3e17090577809d64bddb78a755b306af69a81",
    "tables/environment_hardware.tex": "36ead3da6a68bf40c4c27b8f656e5962ce02f98376a81f17cafe49e88c2b34bb",
    "tables/failure_timeout_inventory.csv": "4be5dc254176ecedda03db5d971df53dd5863513d6cc911cd429fa42973aaafe",
    "tables/failure_timeout_inventory.md": "911ca53450b3eaf0bc2a8f3844ec8c7b70f07bafa2efef65f8a1a3692aa5bd54",
    "tables/failure_timeout_inventory.tex": "1b6b24a16a9ab6f72359e0742a69f2073851016a4dab0450fec26a9ae4f9b71b",
    "tables/memory_usage.csv": "ff82f79f32b05b9117e782c0486dfe44862e5cc6c7ec234ffe5618a0350e6628",
    "tables/memory_usage.md": "8ff435fe8470e37a850dec854878042fa18447474bdee20c2b47e03c1d0b7dbc",
    "tables/memory_usage.tex": "c8e7d6ad6aa33ed58c91e387574e0f1df6ce3467c31a90140b1d7ee320ab9c97",
    "tables/osqp_vs_cuopt_by_size.csv": "969fdedf9cb8b78050660ae577ae6637e88c7490a5be9b09eee8ede6502cfeb2",
    "tables/osqp_vs_cuopt_by_size.md": "a52a61034ba14911a7e3befa64374aab4550145b525378b817137bc56daae75c",
    "tables/osqp_vs_cuopt_by_size.tex": "71b169169793b4b705029776afe68a9eb416066d3b1606c45dba20fa7578933a",
    "tables/osqp_vs_cuopt_headline_table.csv": "4c97154d0decddfc53a2adc50783a069ccbfbf14479e9799fa802b68de9c1c94",
    "tables/osqp_vs_cuopt_headline_table.json": "39759f3e2dc8288f7a8e2eed5a6250e2c92090ca88a403187fccb4ffc0b67391",
    "tables/osqp_vs_cuopt_headline_table.md": "73149978bfaeadb04529764dabacef3c039f52b6ad721e243cb1e59eaafeb9a8",
    "tables/osqp_vs_cuopt_headline_table.tex": "583a2118b4cafbc71c308414f09059bc6385c9ccac6cc249f9b835f499b2ded0",
    "tables/problem_generation.csv": "a159bfeecce00f48716b3187f6fd8f78da72c16de790878f0d9ec37e36a01a3e",
    "tables/problem_generation.md": "dc1b015e5cd3129550740d3a433bac6a5267c654cf9fd05a1cd443e16d3bff93",
    "tables/problem_generation.tex": "2c96cf5c4cadd51fa49808cf980f8159bc9e0c5c49f12426338713b6329d51fe",
    "tables/repeated_update.csv": "2ffb904ff90ba2014e864979e1ea4895c7d566dac9c7830b227ae4788d4f6a9f",
    "tables/repeated_update.md": "27e0b859506c0d6f592ca297b333c6d62ec5ed594be1090625d92863f92c46bc",
    "tables/repeated_update.tex": "35ee5c0daee31b292a0ba997bfca7e425fd53997b742e17cf44174e6082c3463",
    "tables/speedup.csv": "a8e1a287c036f785620de303a8dd21254a948799ac058d7b4357624463e66217",
    "tables/speedup.md": "2cde33ece6a723747a43a73a04fa44ef934f91f6e7cac2a6409ce50a3fc7c535",
    "tables/speedup.tex": "698d5021ef8a6cb4361f091ff2febb5cbfd683f93aa3aa3a3004537033837dc9"
  },
  "schema_version": 1,
  "speedup_definition": "OSQP time / cuOpt time",
  "status": "pass",
  "timing_definition": "End-to-end from canonical host arrays through backend conversion/model setup, transfer where applicable, solve, extraction, and canonical correctness reconstruction."
}
